80.141.83.124 - - [11/Sep/2023:15:14:35 +0200] "GET / HTTP/1.1" 200 1413 "-" "Mozilla/5.0 (Macintosh; Intel Mac OS X 10_15_7) AppleWebKit/605.1.15 (KHTML, like Gecko) Version/16.1 Safari/605.1.15"
80.141.83.124 - - [11/Sep/2023:15:14:35 +0200] "GET /style.css HTTP/1.1" 200 2822 "http://api.bialas.cloud/" "Mozilla/5.0 (Macintosh; Intel Mac OS X 10_15_7) AppleWebKit/605.1.15 (KHTML, like Gecko) Version/16.1 Safari/605.1.15"
80.141.83.124 - - [11/Sep/2023:15:14:35 +0200] "GET /favicon.ico HTTP/1.1" 404 20263 "-" "Mozilla/5.0 (iPad; CPU OS 16_1 like Mac OS X) AppleWebKit/605.1.15 (KHTML, like Gecko) Version/16.1 Mobile/15E148 Safari/604.1"
80.141.83.124 - - [11/Sep/2023:15:15:07 +0200] "GET /v1 HTTP/1.1" 404 20263 "-" "Mozilla/5.0 (Macintosh; Intel Mac OS X 10_15_7) AppleWebKit/605.1.15 (KHTML, like Gecko) Version/16.1 Safari/605.1.15"
140.248.34.43 - - [11/Sep/2023:15:16:21 +0200] "GET / HTTP/1.1" 200 1413 "-" "Mozilla/5.0 (iPhone; CPU iPhone OS 17_0 like Mac OS X) AppleWebKit/605.1.15 (KHTML, like Gecko) Version/17.0 Mobile/15E148 Safari/604.1"
140.248.34.43 - - [11/Sep/2023:15:16:21 +0200] "GET /style.css HTTP/1.1" 200 2822 "http://api.bialas.cloud/" "Mozilla/5.0 (iPhone; CPU iPhone OS 17_0 like Mac OS X) AppleWebKit/605.1.15 (KHTML, like Gecko) Version/17.0 Mobile/15E148 Safari/604.1"
140.248.34.43 - - [11/Sep/2023:15:16:21 +0200] "GET /favicon.ico HTTP/1.1" 404 20263 "http://api.bialas.cloud/" "Mozilla/5.0 (iPhone; CPU iPhone OS 17_0 like Mac OS X) AppleWebKit/605.1.15 (KHTML, like Gecko) Version/17.0 Mobile/15E148 Safari/604.1"
80.141.83.124 - - [11/Sep/2023:15:57:03 +0200] "GET / HTTP/1.1" 200 1413 "-" "Mozilla/5.0 (Macintosh; Intel Mac OS X 10.15; rv:109.0) Gecko/20100101 Firefox/117.0"
80.141.83.124 - - [11/Sep/2023:15:57:03 +0200] "GET /style.css HTTP/1.1" 200 2822 "http://api.bialas.cloud/" "Mozilla/5.0 (Macintosh; Intel Mac OS X 10.15; rv:109.0) Gecko/20100101 Firefox/117.0"
80.141.83.124 - - [11/Sep/2023:16:19:00 +0200] "GET / HTTP/1.1" 200 839 "-" "Mozilla/5.0 (Macintosh; Intel Mac OS X 10.15; rv:109.0) Gecko/20100101 Firefox/117.0"
80.141.83.124 - - [11/Sep/2023:16:19:00 +0200] "GET /style.css HTTP/1.1" 200 2822 "http://api.bialas.cloud/" "Mozilla/5.0 (Macintosh; Intel Mac OS X 10.15; rv:109.0) Gecko/20100101 Firefox/117.0"
80.141.83.124 - - [11/Sep/2023:16:19:00 +0200] "GET /favicon.ico HTTP/1.1" 404 20263 "http://api.bialas.cloud/" "Mozilla/5.0 (Macintosh; Intel Mac OS X 10.15; rv:109.0) Gecko/20100101 Firefox/117.0"
80.141.83.124 - - [11/Sep/2023:18:24:30 +0200] "GET / HTTP/1.1" 200 839 "-" "Mozilla/5.0 (Macintosh; Intel Mac OS X 10_15_7) AppleWebKit/605.1.15 (KHTML, like Gecko) Version/16.1 Safari/605.1.15"
80.141.83.124 - - [11/Sep/2023:18:24:30 +0200] "GET /style.css HTTP/1.1" 200 2822 "http://api.bialas.cloud/" "Mozilla/5.0 (Macintosh; Intel Mac OS X 10_15_7) AppleWebKit/605.1.15 (KHTML, like Gecko) Version/16.1 Safari/605.1.15"
80.141.83.124 - - [11/Sep/2023:18:24:30 +0200] "GET /favicon.ico HTTP/1.1" 404 20263 "-" "Mozilla/5.0 (iPad; CPU OS 16_1 like Mac OS X) AppleWebKit/605.1.15 (KHTML, like Gecko) Version/16.1 Mobile/15E148 Safari/604.1"
80.141.83.124 - - [11/Sep/2023:18:37:41 +0200] "GET / HTTP/1.1" 304 0 "-" "Mozilla/5.0 (Macintosh; Intel Mac OS X 10.15; rv:109.0) Gecko/20100101 Firefox/117.0"
80.141.83.124 - - [11/Sep/2023:18:37:41 +0200] "GET /style.css HTTP/1.1" 304 0 "http://api.bialas.cloud/" "Mozilla/5.0 (Macintosh; Intel Mac OS X 10.15; rv:109.0) Gecko/20100101 Firefox/117.0"
140.248.34.42 - - [11/Sep/2023:19:50:46 +0200] "GET / HTTP/1.1" 200 839 "-" "Mozilla/5.0 (iPhone; CPU iPhone OS 17_0 like Mac OS X) AppleWebKit/605.1.15 (KHTML, like Gecko) Version/17.0 Mobile/15E148 Safari/604.1"
140.248.34.42 - - [11/Sep/2023:19:50:46 +0200] "GET /style.css HTTP/1.1" 200 2822 "http://api.bialas.cloud/" "Mozilla/5.0 (iPhone; CPU iPhone OS 17_0 like Mac OS X) AppleWebKit/605.1.15 (KHTML, like Gecko) Version/17.0 Mobile/15E148 Safari/604.1"
140.248.34.42 - - [11/Sep/2023:19:50:46 +0200] "GET /favicon.ico HTTP/1.1" 404 20263 "http://api.bialas.cloud/" "Mozilla/5.0 (iPhone; CPU iPhone OS 17_0 like Mac OS X) AppleWebKit/605.1.15 (KHTML, like Gecko) Version/17.0 Mobile/15E148 Safari/604.1"
80.141.83.124 - - [11/Sep/2023:21:15:11 +0200] "GET /favicon.ico HTTP/1.1" 404 20263 "-" "Mozilla/5.0 (iPad; CPU OS 16_1 like Mac OS X) AppleWebKit/605.1.15 (KHTML, like Gecko) Version/16.1 Mobile/15E148 Safari/604.1"
80.141.83.124 - - [11/Sep/2023:21:28:28 +0200] "GET / HTTP/2.0" 200 839 "-" "Mozilla/5.0 (Macintosh; Intel Mac OS X 10.15; rv:109.0) Gecko/20100101 Firefox/117.0"
80.141.83.124 - - [11/Sep/2023:21:28:28 +0200] "GET /style.css HTTP/2.0" 200 2822 "https://api.bialas.cloud/" "Mozilla/5.0 (Macintosh; Intel Mac OS X 10.15; rv:109.0) Gecko/20100101 Firefox/117.0"
80.141.83.124 - - [11/Sep/2023:21:28:28 +0200] "GET /favicon.ico HTTP/2.0" 404 20263 "https://api.bialas.cloud/" "Mozilla/5.0 (Macintosh; Intel Mac OS X 10.15; rv:109.0) Gecko/20100101 Firefox/117.0"
80.141.83.124 - - [11/Sep/2023:21:28:35 +0200] "GET /v2 HTTP/2.0" 404 20263 "-" "Mozilla/5.0 (Macintosh; Intel Mac OS X 10.15; rv:109.0) Gecko/20100101 Firefox/117.0"
80.141.83.124 - - [11/Sep/2023:21:28:40 +0200] "GET /v2/blog HTTP/2.0" 404 20263 "-" "Mozilla/5.0 (Macintosh; Intel Mac OS X 10.15; rv:109.0) Gecko/20100101 Firefox/117.0"
80.141.83.124 - - [11/Sep/2023:21:28:52 +0200] "GET /v2/blog HTTP/1.1" 301 162 "-" "Mozilla/5.0 (Macintosh; Intel Mac OS X 10.15; rv:109.0) Gecko/20100101 Firefox/117.0"
80.141.83.124 - - [11/Sep/2023:21:28:52 +0200] "GET /v2/blog HTTP/2.0" 404 20263 "-" "Mozilla/5.0 (Macintosh; Intel Mac OS X 10.15; rv:109.0) Gecko/20100101 Firefox/117.0"
80.141.83.124 - - [11/Sep/2023:21:29:01 +0200] "GET /v2/blog HTTP/2.0" 404 20263 "-" "Mozilla/5.0 (Macintosh; Intel Mac OS X 10.15; rv:109.0) Gecko/20100101 Firefox/117.0"
80.141.83.124 - - [11/Sep/2023:21:29:07 +0200] "GET /v1 HTTP/2.0" 404 20263 "-" "Mozilla/5.0 (Macintosh; Intel Mac OS X 10.15; rv:109.0) Gecko/20100101 Firefox/117.0"
80.141.83.124 - - [11/Sep/2023:21:33:12 +0200] "GET /v1 HTTP/2.0" 404 20263 "-" "Mozilla/5.0 (Macintosh; Intel Mac OS X 10.15; rv:109.0) Gecko/20100101 Firefox/117.0"
80.141.83.124 - - [11/Sep/2023:21:33:12 +0200] "GET /favicon.ico HTTP/2.0" 499 0 "https://api.bialas.cloud/v1" "Mozilla/5.0 (Macintosh; Intel Mac OS X 10.15; rv:109.0) Gecko/20100101 Firefox/117.0"
80.141.83.124 - - [11/Sep/2023:21:33:50 +0200] "GET /v1 HTTP/2.0" 404 20263 "-" "Mozilla/5.0 (Macintosh; Intel Mac OS X 10.15; rv:109.0) Gecko/20100101 Firefox/117.0"
80.141.83.124 - - [11/Sep/2023:21:33:53 +0200] "GET /v1 HTTP/1.1" 404 20263 "-" "Mozilla/5.0 (Macintosh; Intel Mac OS X 10.15; rv:109.0) Gecko/20100101 Firefox/117.0"
80.141.83.124 - - [11/Sep/2023:21:33:58 +0200] "GET / HTTP/1.1" 304 0 "-" "Mozilla/5.0 (Macintosh; Intel Mac OS X 10.15; rv:109.0) Gecko/20100101 Firefox/117.0"
80.141.83.124 - - [11/Sep/2023:21:33:58 +0200] "GET /style.css HTTP/1.1" 304 0 "http://api.bialas.cloud/" "Mozilla/5.0 (Macintosh; Intel Mac OS X 10.15; rv:109.0) Gecko/20100101 Firefox/117.0"
13.58.104.58 - - [11/Sep/2023:21:49:11 +0200] "GET /.well-known/acme-challenge/n_lfw5p_SrdnD7q_8RnFw7h4-IW6vKNIPGP-dwqS_l4 HTTP/1.1" 200 87 "-" "Mozilla/5.0 (compatible; Let's Encrypt validation server; +https://www.letsencrypt.org)"
23.178.112.104 - - [11/Sep/2023:21:49:11 +0200] "GET /.well-known/acme-challenge/n_lfw5p_SrdnD7q_8RnFw7h4-IW6vKNIPGP-dwqS_l4 HTTP/1.1" 200 87 "-" "Mozilla/5.0 (compatible; Let's Encrypt validation server; +https://www.letsencrypt.org)"
13.58.104.58 - - [11/Sep/2023:21:49:11 +0200] "GET /.well-known/acme-challenge/AqMm60PipHWnGSkDYv0Oj8Otldq2rBs8B6AMoAmGhII HTTP/1.1" 200 87 "-" "Mozilla/5.0 (compatible; Let's Encrypt validation server; +https://www.letsencrypt.org)"
34.222.88.183 - - [11/Sep/2023:21:49:11 +0200] "GET /.well-known/acme-challenge/n_lfw5p_SrdnD7q_8RnFw7h4-IW6vKNIPGP-dwqS_l4 HTTP/1.1" 200 87 "-" "Mozilla/5.0 (compatible; Let's Encrypt validation server; +https://www.letsencrypt.org)"
23.178.112.103 - - [11/Sep/2023:21:49:11 +0200] "GET /.well-known/acme-challenge/AqMm60PipHWnGSkDYv0Oj8Otldq2rBs8B6AMoAmGhII HTTP/1.1" 200 87 "-" "Mozilla/5.0 (compatible; Let's Encrypt validation server; +https://www.letsencrypt.org)"
54.218.120.113 - - [11/Sep/2023:21:49:11 +0200] "GET /.well-known/acme-challenge/AqMm60PipHWnGSkDYv0Oj8Otldq2rBs8B6AMoAmGhII HTTP/1.1" 200 87 "-" "Mozilla/5.0 (compatible; Let's Encrypt validation server; +https://www.letsencrypt.org)"
34.254.53.125 - - [11/Sep/2023:21:50:19 +0200] "GET / HTTP/1.1" 200 839 "-" "Mozilla/5.0 (X11; Linux x86_64; rv:83.0) Gecko/20100101 Firefox/83.0"
34.254.53.125 - - [11/Sep/2023:21:50:19 +0200] "GET / HTTP/2.0" 200 839 "-" "Mozilla/5.0 (X11; Ubuntu; Linux x86_64; rv:109.0) Gecko/20100101 Firefox/114.0"
34.254.53.125 - - [11/Sep/2023:21:50:20 +0200] "GET /style.css HTTP/2.0" 200 2822 "https://api.bialas.cloud/" "Mozilla/5.0 (X11; Ubuntu; Linux x86_64; rv:109.0) Gecko/20100101 Firefox/114.0"
34.254.53.125 - - [11/Sep/2023:21:50:20 +0200] "GET /favicon.ico HTTP/2.0" 404 20263 "https://api.bialas.cloud/" "Mozilla/5.0 (X11; Ubuntu; Linux x86_64; rv:109.0) Gecko/20100101 Firefox/114.0"
34.254.53.125 - - [11/Sep/2023:21:50:20 +0200] "GET / HTTP/1.1" 200 839 "-" "Mozilla/5.0 (Macintosh; Intel Mac OS X 10_9_2) AppleWebKit/537.36 (KHTML, like Gecko) Chrome/33.0.1750.152 Safari/537.36"
34.254.53.125 - - [11/Sep/2023:21:50:20 +0200] "HEAD /favicon.ico HTTP/1.1" 404 0 "-" "Mozilla/5.0 (Macintosh; Intel Mac OS X 10_9_2) AppleWebKit/537.36 (KHTML, like Gecko) Chrome/33.0.1750.152 Safari/537.36"
185.209.196.172 - - [11/Sep/2023:21:50:28 +0200] "GET / HTTP/1.1" 200 839 "-" "Mozilla/5.0 (Windows NT 10.0; Win64; x64) AppleWebKit/537.36 (KHTML, like Gecko) Chrome/114.0.0.0 Safari/537.36"
185.209.196.130 - - [11/Sep/2023:21:50:28 +0200] "GET /.env.dev HTTP/1.1" 404 20263 "-" "Mozilla/5.0 (Windows NT 10.0; Win64; x64) AppleWebKit/537.36 (KHTML, like Gecko) Chrome/114.0.0.0 Safari/537.36"
185.209.196.151 - - [11/Sep/2023:21:50:28 +0200] "GET /.aws/credentials HTTP/1.1" 404 20263 "-" "Mozilla/5.0 (Windows NT 10.0; Win64; x64) AppleWebKit/537.36 (KHTML, like Gecko) Chrome/114.0.0.0 Safari/537.36"
185.209.196.235 - - [11/Sep/2023:21:50:28 +0200] "GET /phpinfo.php HTTP/1.1" 404 20263 "-" "Mozilla/5.0 (Macintosh; Intel Mac OS X 10_15_7) AppleWebKit/537.36 (KHTML, like Gecko) Chrome/114.0.0.0 Safari/537.36"
185.209.196.193 - - [11/Sep/2023:21:50:28 +0200] "GET /php.php HTTP/1.1" 404 20263 "-" "Mozilla/5.0 (Linux; Android 11; moto g(8) power) AppleWebKit/537.36 (KHTML, like Gecko) Chrome/114.0.0.0 Mobile Safari/537.36 EdgA/114.0.1823.61"
194.36.25.19 - - [11/Sep/2023:21:50:28 +0200] "GET /.env.prod HTTP/1.1" 404 20263 "-" "Mozilla/5.0 (Windows NT 10.0; Win64; x64) AppleWebKit/537.36 (KHTML, like Gecko) Chrome/114.0.0.0 Safari/537.36"
194.36.25.4 - - [11/Sep/2023:21:50:28 +0200] "GET /.env HTTP/1.1" 404 20263 "-" "Mozilla/5.0 (Windows NT 10.0; Win64; x64) AppleWebKit/537.36 (KHTML, like Gecko) Chrome/114.0.0.0 Safari/537.36"
194.36.25.34 - - [11/Sep/2023:21:50:28 +0200] "GET /info.php HTTP/1.1" 404 20263 "-" "Mozilla/5.0 (Macintosh; Intel Mac OS X 10_15_7) AppleWebKit/537.36 (KHTML, like Gecko) Chrome/114.0.0.0 Safari/537.36"
185.254.75.13 - - [11/Sep/2023:21:50:28 +0200] "GET /wp HTTP/1.1" 404 20263 "-" "Mozilla/5.0 (Windows NT 10.0; Win64; x64) AppleWebKit/537.36 (KHTML, like Gecko) Chrome/114.0.0.0 Safari/537.36 Edg/114.0.1823.67"
194.36.25.19 - - [11/Sep/2023:21:50:28 +0200] "GET /.vscode/settings.json HTTP/1.1" 404 20263 "-" "Mozilla/5.0 (Windows NT 10.0; Win64; x64) AppleWebKit/537.36 (KHTML, like Gecko) Chrome/114.0.0.0 Safari/537.36"
185.254.75.14 - - [11/Sep/2023:21:50:28 +0200] "GET /.vscode/ftp-sync.json HTTP/1.1" 404 20263 "-" "Mozilla/5.0 (Macintosh; Intel Mac OS X 10_15_7) AppleWebKit/537.36 (KHTML, like Gecko) Chrome/114.0.0.0 Safari/537.36"
185.254.75.15 - - [11/Sep/2023:21:50:28 +0200] "GET /api/.env HTTP/1.1" 404 20263 "-" "Mozilla/5.0 (Windows NT 10.0; Win64; x64) AppleWebKit/537.36 (KHTML, like Gecko) Chrome/114.0.0.0 Safari/537.36"
146.70.117.195 - - [11/Sep/2023:21:50:28 +0200] "GET /_cat/indices HTTP/1.1" 404 20263 "-" "Mozilla/5.0 (Macintosh; Intel Mac OS X 10_15_7) AppleWebKit/537.36 (KHTML, like Gecko) Chrome/114.0.0.0 Safari/537.36"
146.70.117.35 - - [11/Sep/2023:21:50:28 +0200] "GET /installer.php HTTP/1.1" 404 20263 "-" "Mozilla/5.0 (Macintosh; Intel Mac OS X 10_15_7) AppleWebKit/537.36 (KHTML, like Gecko) Chrome/114.0.0.0 Safari/537.36"
185.254.75.14 - - [11/Sep/2023:21:50:28 +0200] "GET /api/phpinfo.php HTTP/1.1" 404 20263 "-" "Mozilla/5.0 (Macintosh; Intel Mac OS X 10_15_7) AppleWebKit/537.36 (KHTML, like Gecko) Chrome/114.0.0.0 Safari/537.36"
185.254.75.15 - - [11/Sep/2023:21:50:28 +0200] "GET /wp-info.php HTTP/1.1" 404 20263 "-" "Mozilla/5.0 (Macintosh; Intel Mac OS X 10_15_7) AppleWebKit/537.36 (KHTML, like Gecko) Chrome/114.0.0.0 Safari/537.36"
146.70.117.195 - - [11/Sep/2023:21:50:28 +0200] "GET /test.php HTTP/1.1" 404 20263 "-" "Mozilla/5.0 (Windows NT 10.0; Win64; x64) AppleWebKit/537.36 (KHTML, like Gecko) Chrome/114.0.0.0 Safari/537.36 Edg/114.0.1823.67"
169.150.201.16 - - [11/Sep/2023:21:50:28 +0200] "GET /.vscode/sftp.json HTTP/1.1" 404 20263 "-" "Mozilla/5.0 (Windows NT 10.0; Win64; x64) AppleWebKit/537.36 (KHTML, like Gecko) Chrome/114.0.0.0 Safari/537.36"
146.70.117.227 - - [11/Sep/2023:21:50:28 +0200] "GET /.env.staging HTTP/1.1" 404 20263 "-" "Mozilla/5.0 (X11; Linux x86_64) AppleWebKit/537.36 (KHTML, like Gecko) Chrome/108.0.0.0 Safari/537.36"
146.70.117.35 - - [11/Sep/2023:21:50:28 +0200] "GET /api/info.php HTTP/1.1" 404 20263 "-" "Mozilla/5.0 (Windows NT 10.0; Win64; x64) AppleWebKit/537.36 (KHTML, like Gecko) Chrome/114.0.0.0 Safari/537.36"
193.32.248.194 - - [11/Sep/2023:21:50:28 +0200] "GET /wordpress HTTP/1.1" 404 20263 "-" "Mozilla/5.0 (Linux; Android 8.0.0; LG-H870DS Build/OPR1.170623.032) AppleWebKit/537.37 (KHTML, like Gecko) Chrome/68.0.3440.91 Mobile Safari/537.36"
193.32.248.168 - - [11/Sep/2023:21:50:28 +0200] "GET /blog HTTP/1.1" 404 20263 "-" "Mozilla/5.0 (Windows NT 10.0; Win64; x64) AppleWebKit/537.36 (KHTML, like Gecko) Chrome/114.0.0.0 Safari/537.36"
193.32.248.155 - - [11/Sep/2023:21:50:28 +0200] "GET /.env.production HTTP/1.1" 404 20263 "-" "Mozilla/5.0 (X11; Linux x86_64) AppleWebKit/537.36 (KHTML, like Gecko) Chrome/114.0.5735.198 Safari/537.36"
193.32.248.130 - - [11/Sep/2023:21:50:28 +0200] "GET /.git/HEAD HTTP/1.1" 404 20263 "-" "Mozilla/5.0 (Macintosh; Intel Mac OS X 10_14_6) AppleWebKit/605.1.15 (KHTML, like Gecko) Version/14.1.2 Safari/605.1.15"
193.32.248.130 - - [11/Sep/2023:21:50:28 +0200] "GET /.env.backup HTTP/1.1" 404 20263 "-" "Mozilla/5.0 (Windows NT 10.0; Win64; x64) AppleWebKit/537.36 (KHTML, like Gecko) Chrome/112.0.0.0 YaBrowser/23.5.3.904 Yowser/2.5 Safari/537.36"
193.32.248.130 - - [11/Sep/2023:21:50:28 +0200] "GET /.vscode/.env HTTP/1.1" 404 20263 "-" "Mozilla/5.0 (iPhone; CPU iPhone OS 15_7_5 like Mac OS X) AppleWebKit/605.1.15 (KHTML, like Gecko) Version/15.6.4 Mobile/15E148 Safari/604.1"
193.32.248.130 - - [11/Sep/2023:21:50:28 +0200] "GET /.env.php HTTP/1.1" 404 20263 "-" "Mozilla/5.0 (Windows NT 10.0; Win64; x64) AppleWebKit/537.36 (KHTML, like Gecko) Chrome/114.0.0.0 Safari/537.36"
193.32.248.168 - - [11/Sep/2023:21:50:28 +0200] "GET /telescope/requests HTTP/1.1" 404 20263 "-" "Mozilla/5.0 (iPhone; CPU iPhone OS 16_5 like Mac OS X) AppleWebKit/605.1.15 (KHTML, like Gecko) Version/16.5 Mobile/15E148 Safari/604.1"
185.209.196.193 - - [11/Sep/2023:21:50:29 +0200] "GET /adminer.php HTTP/1.1" 404 20263 "-" "Mozilla/5.0 (iPhone; CPU iPhone OS 17_0 like Mac OS X) AppleWebKit/605.1.15 (KHTML, like Gecko) CriOS/114.0.5735.124 Mobile/15E148 Safari/604.1"
169.150.201.3 - - [11/Sep/2023:21:50:29 +0200] "GET /api/php.php HTTP/1.1" 404 20263 "-" "Mozilla/5.0 (Windows NT 10.0; Win64; x64) AppleWebKit/537.36 (KHTML, like Gecko) Chrome/114.0.0.0 Safari/537.36"
185.209.196.151 - - [11/Sep/2023:21:50:29 +0200] "GET /swagger-ui.html HTTP/1.1" 404 20263 "-" "Mozilla/5.0 (Windows NT 10.0; Win64; x64) AppleWebKit/537.36 (KHTML, like Gecko) Chrome/114.0.0.0 Safari/537.36"
185.209.196.151 - - [11/Sep/2023:21:50:29 +0200] "GET /swagger/static/index.html HTTP/1.1" 404 20263 "-" "Mozilla/5.0 (Windows NT 10.0; Win64; x64) AppleWebKit/537.36 (KHTML, like Gecko) Chrome/114.0.0.0 Safari/537.36"
185.209.196.235 - - [11/Sep/2023:21:50:29 +0200] "GET /swagger/ui/index HTTP/1.1" 404 20263 "-" "Mozilla/5.0 (Windows NT 10.0; Win64; x64) AppleWebKit/537.36 (KHTML, like Gecko) Chrome/114.0.0.0 Safari/537.36"
185.209.196.151 - - [11/Sep/2023:21:50:29 +0200] "GET /recentservers.xml HTTP/1.1" 404 20263 "-" "Mozilla/5.0 (X11; Linux x86_64) AppleWebKit/537.36 (KHTML, like Gecko) Chrome/114.0.0.0 Safari/537.36 OPR/100.0.0.0"
169.150.201.3 - - [11/Sep/2023:21:50:29 +0200] "GET /phpMyAdmin HTTP/1.1" 404 20263 "-" "Mozilla/5.0 (Windows NT 10.0; Win64; x64) AppleWebKit/537.36 (KHTML, like Gecko) Chrome/114.0.0.0 Safari/537.36"
146.70.107.195 - - [11/Sep/2023:21:50:29 +0200] "GET /phpmyadmin HTTP/1.1" 404 20263 "-" "Mozilla/5.0 (Windows NT 10.0; Win64; x64) AppleWebKit/537.36 (KHTML, like Gecko) Chrome/114.0.0.0 Safari/537.36"
146.70.107.195 - - [11/Sep/2023:21:50:29 +0200] "GET /PMA HTTP/1.1" 404 20263 "-" "Mozilla/5.0 (Macintosh; Intel Mac OS X 10_15_7) AppleWebKit/537.36 (KHTML, like Gecko) Chrome/114.0.0.0 Safari/537.36"
185.209.196.235 - - [11/Sep/2023:21:50:29 +0200] "GET /aws.json HTTP/1.1" 404 20263 "-" "Mozilla/5.0 (Windows NT 10.0; Win64; x64) AppleWebKit/537.36 (KHTML, like Gecko) Chrome/114.0.0.0 Safari/537.36"
185.254.75.14 - - [11/Sep/2023:21:50:29 +0200] "GET /filezilla.xml HTTP/1.1" 404 20263 "-" "Mozilla/5.0 (X11; Linux x86_64) AppleWebKit/537.36 (KHTML, like Gecko) Chrome/114.0.0.0 Safari/537.36"
193.32.248.155 - - [11/Sep/2023:21:50:29 +0200] "GET /swagger/index.html HTTP/1.1" 404 20263 "-" "Mozilla/5.0 (Macintosh; Intel Mac OS X 10_15_7) AppleWebKit/605.1.15 (KHTML, like Gecko) Version/16.3 Safari/605.1.15"
169.150.201.16 - - [11/Sep/2023:21:50:29 +0200] "GET /sitemanager.xml HTTP/1.1" 404 20263 "-" "Mozilla/5.0 (Windows NT 10.0; Win64; x64) AppleWebKit/537.36 (KHTML, like Gecko) Chrome/114.0.0.0 Safari/537.36"
169.150.201.3 - - [11/Sep/2023:21:50:29 +0200] "GET /sftp-config.json HTTP/1.1" 404 20263 "-" "Mozilla/5.0 (X11; Linux x86_64) AppleWebKit/537.36 (KHTML, like Gecko) Chrome/114.0.0.0 Safari/537.36"
146.70.117.227 - - [11/Sep/2023:21:50:29 +0200] "GET /config/aws.json HTTP/1.1" 404 20263 "-" "Mozilla/5.0 (Windows NT 10.0; Win64; x64) AppleWebKit/537.36 (KHTML, like Gecko) Chrome/114.0.0.0 Safari/537.36"
193.32.248.168 - - [11/Sep/2023:21:50:29 +0200] "GET /FileZilla.xml HTTP/1.1" 404 20263 "-" "Mozilla/5.0 (iPhone; CPU iPhone OS 17_0 like Mac OS X) AppleWebKit/605.1.15 (KHTML, like Gecko) CriOS/114.0.5735.124 Mobile/15E148 Safari/604.1"
169.150.201.16 - - [11/Sep/2023:21:50:29 +0200] "GET /aws.yml HTTP/1.1" 404 20263 "-" "Mozilla/5.0 (Windows NT 10.0; Win64; x64) AppleWebKit/537.36 (KHTML, like Gecko) Chrome/114.0.0.0 Safari/537.36"
146.70.117.195 - - [11/Sep/2023:21:50:29 +0200] "GET /config/aws.yml HTTP/1.1" 404 20263 "-" "Mozilla/5.0 (Macintosh; Intel Mac OS X 10_15_7) AppleWebKit/605.1.15 (KHTML, like Gecko) Version/15.3 Safari/605.1.15"
194.36.25.19 - - [11/Sep/2023:21:50:29 +0200] "GET /config/default.json HTTP/1.1" 404 20263 "-" "Mozilla/5.0 (Macintosh; Intel Mac OS X 10_15_7) AppleWebKit/537.36 (KHTML, like Gecko) Chrome/114.0.0.0 Safari/537.36"
185.209.196.151 - - [11/Sep/2023:21:50:29 +0200] "GET /default.json HTTP/1.1" 404 20263 "-" "Mozilla/5.0 (X11; Linux x86_64) AppleWebKit/537.36 (KHTML, like Gecko) Chrome/108.0.0.0 Safari/537.36"
185.209.196.214 - - [11/Sep/2023:21:50:29 +0200] "GET /prod.json HTTP/1.1" 404 20263 "-" "Mozilla/5.0 (Windows NT 10.0; Win64; x64) AppleWebKit/537.36 (KHTML, like Gecko) Chrome/114.0.0.0 Safari/537.36"
169.150.201.3 - - [11/Sep/2023:21:50:29 +0200] "GET /config/production.json HTTP/1.1" 404 20263 "-" "Mozilla/5.0 (Windows NT 10.0; Win64; x64) AppleWebKit/537.36 (KHTML, like Gecko) Chrome/114.0.0.0 Safari/537.36"
146.70.117.195 - - [11/Sep/2023:21:50:29 +0200] "GET /config/prod.json HTTP/1.1" 404 20263 "-" "Mozilla/5.0 (Macintosh; Intel Mac OS X 10_15_7) AppleWebKit/537.36 (KHTML, like Gecko) Chrome/114.0.0.0 Safari/537.36"
146.70.117.195 - - [11/Sep/2023:21:50:29 +0200] "GET /config/staging.json HTTP/1.1" 404 20263 "-" "Mozilla/5.0 (Windows NT 10.0; Win64; x64) AppleWebKit/537.36 (KHTML, like Gecko) Chrome/114.0.0.0 Safari/537.36"
193.32.248.142 - - [11/Sep/2023:21:50:29 +0200] "GET /production.json HTTP/1.1" 404 20263 "-" "Mozilla/5.0 (Windows NT 10.0; Win64; x64) AppleWebKit/537.36 (KHTML, like Gecko) Chrome/114.0.0.0 Safari/537.36"
194.36.25.49 - - [11/Sep/2023:21:50:29 +0200] "GET /staging.json HTTP/1.1" 404 20263 "-" "Mozilla/5.0 (Macintosh; Intel Mac OS X 10_15_7) AppleWebKit/537.36 (KHTML, like Gecko) Chrome/114.0.0.0 Safari/537.36"
194.36.25.49 - - [11/Sep/2023:21:50:29 +0200] "GET /app.ini HTTP/1.1" 404 20263 "-" "Mozilla/5.0 (iPhone; CPU iPhone OS 16_5 like Mac OS X) AppleWebKit/605.1.15 (KHTML, like Gecko) Version/16.5 Mobile/15E148 Safari/604.1"
185.213.155.227 - - [11/Sep/2023:21:50:29 +0200] "GET /config/config.ini HTTP/1.1" 404 20263 "-" "Mozilla/5.0 (Windows NT 10.0; Win64; x64) AppleWebKit/537.36 (KHTML, like Gecko) Chrome/114.0.0.0 Safari/537.36 Edg/114.0.1823.58"
169.150.201.3 - - [11/Sep/2023:21:50:29 +0200] "GET /config.ini HTTP/1.1" 404 20263 "-" "Mozilla/5.0 (Linux; Android 10; K) AppleWebKit/537.36 (KHTML, like Gecko) Chrome/114.0.0.0 Mobile Safari/537.36"
185.254.75.15 - - [11/Sep/2023:21:50:29 +0200] "GET /.env.test HTTP/1.1" 404 20263 "-" "Mozilla/5.0 (iPhone; CPU iPhone OS 16_5 like Mac OS X) AppleWebKit/605.1.15 (KHTML, like Gecko) Version/16.5 Mobile/15E148 Safari/604.1"
193.32.248.181 - - [11/Sep/2023:21:50:29 +0200] "GET /production.ini HTTP/1.1" 404 20263 "-" "Mozilla/5.0 (Windows NT 10.0; Win64; x64) AppleWebKit/537.36 (KHTML, like Gecko) Chrome/114.0.0.0 Safari/537.36"
169.150.201.3 - - [11/Sep/2023:21:50:29 +0200] "GET /default.ini HTTP/1.1" 404 20263 "-" "Mozilla/5.0 (Windows NT 10.0; Win64; x64) AppleWebKit/537.36 (KHTML, like Gecko) Chrome/114.0.0.0 Safari/537.36"
185.213.155.200 - - [11/Sep/2023:21:50:29 +0200] "GET /backup.sql.gz HTTP/1.1" 404 20263 "-" "Mozilla/5.0 (X11; Linux x86_64) AppleWebKit/537.36 (KHTML, like Gecko) Chrome/114.0.0.0 Safari/537.36"
185.209.196.214 - - [11/Sep/2023:21:50:29 +0200] "GET /db_backup.sql HTTP/1.1" 404 20263 "-" "Mozilla/5.0 (Windows NT 10.0; Win64; x64) AppleWebKit/537.36 (KHTML, like Gecko) Chrome/114.0.0.0 Safari/537.36"
146.70.117.195 - - [11/Sep/2023:21:50:29 +0200] "GET /db.zip HTTP/1.1" 404 20263 "-" "Mozilla/5.0 (Macintosh; Intel Mac OS X 10_15_7) AppleWebKit/605.1.15 (KHTML, like Gecko) Version/16.5.1 Safari/605.1.15"
146.70.117.3 - - [11/Sep/2023:21:50:30 +0200] "GET /export.sql HTTP/1.1" 404 20263 "-" "Mozilla/5.0 (Windows NT 10.0; Win64; x64) AppleWebKit/537.36 (KHTML, like Gecko) Chrome/114.0.0.0 Safari/537.36"
185.254.75.14 - - [11/Sep/2023:21:50:30 +0200] "GET /dump.sql HTTP/1.1" 404 20263 "-" "Mozilla/5.0 (Windows NT 10.0; Win64; x64) AppleWebKit/537.36 (KHTML, like Gecko) Chrome/114.0.0.0 Safari/537.36 Edg/114.0.1823.67"
146.70.117.227 - - [11/Sep/2023:21:50:30 +0200] "GET /db.sql HTTP/1.1" 404 20263 "-" "Mozilla/5.0 (Linux; Android 10; VOG-AL00 Build/HUAWEIVOG-AL00; wv) AppleWebKit/537.36 (KHTML, like Gecko) Version/4.0 Chrome/83.0.4103.106 Mobile Safari/537.36"
146.70.117.227 - - [11/Sep/2023:21:50:30 +0200] "GET /database.zip HTTP/1.1" 404 20263 "-" "Mozilla/5.0 (Windows NT 10.0; Win64; x64) AppleWebKit/537.36 (KHTML, like Gecko) Chrome/114.0.0.0 Safari/537.36"
146.70.107.195 - - [11/Sep/2023:21:50:30 +0200] "GET /backup.sql HTTP/1.1" 404 20263 "-" "Mozilla/5.0 (Linux; Android 10; K) AppleWebKit/537.36 (KHTML, like Gecko) Chrome/114.0.0.0 Mobile Safari/537.36"
194.36.25.49 - - [11/Sep/2023:21:50:30 +0200] "GET /database.sql HTTP/1.1" 404 20263 "-" "Mozilla/5.0 (Macintosh; Intel Mac OS X 10_15_7) AppleWebKit/537.36 (KHTML, like Gecko) Chrome/114.0.0.0 Safari/537.36"
146.70.117.35 - - [11/Sep/2023:21:50:30 +0200] "GET /database.sql.gz HTTP/1.1" 404 20263 "-" "Mozilla/5.0 (Windows NT 10.0; Win64; x64) AppleWebKit/537.36 (KHTML, like Gecko) Chrome/113.0.0.0 Safari/537.36 Edg/113.0.1774.50"
185.254.75.15 - - [11/Sep/2023:21:50:30 +0200] "GET /dump.tar.gz HTTP/1.1" 404 20263 "-" "Mozilla/5.0 (Windows NT 10.0; Win64; x64) AppleWebKit/537.36 (KHTML, like Gecko) Chrome/114.0.0.0 Safari/537.36"
194.36.25.49 - - [11/Sep/2023:21:50:30 +0200] "GET /db.sql.gz HTTP/1.1" 404 20263 "-" "Mozilla/5.0 (Macintosh; Intel Mac OS X 10_15_7) AppleWebKit/605.1.15 (KHTML, like Gecko) Version/16.5.1 Safari/605.1.15"
146.70.117.35 - - [11/Sep/2023:21:50:30 +0200] "GET /db.tar.gz HTTP/1.1" 404 20263 "-" "Mozilla/5.0 (Macintosh; Intel Mac OS X 10_15_7) AppleWebKit/537.36 (KHTML, like Gecko) Chrome/114.0.0.0 Safari/537.36"
185.213.155.227 - - [11/Sep/2023:21:50:30 +0200] "GET /Dockerfile.dev HTTP/1.1" 404 20263 "-" "Mozilla/5.0 (Windows NT 10.0; Win64; x64) AppleWebKit/537.36 (KHTML, like Gecko) Chrome/114.0.0.0 Safari/537.36"
193.32.248.142 - - [11/Sep/2023:21:50:30 +0200] "GET /database.tar.gz HTTP/1.1" 404 20263 "-" "Mozilla/5.0 (Linux; Android 10; K) AppleWebKit/537.36 (KHTML, like Gecko) Chrome/114.0.0.0 Mobile Safari/537.36"
193.32.248.194 - - [11/Sep/2023:21:50:30 +0200] "GET /dump.sql.gz HTTP/1.1" 404 20263 "-" "Mozilla/5.0 (Windows NT 10.0; Win64; x64) AppleWebKit/537.36 (KHTML, like Gecko) Chrome/114.0.0.0 Safari/537.36"
146.70.117.3 - - [11/Sep/2023:21:50:30 +0200] "GET /.docker/Dockerfile HTTP/1.1" 404 20263 "-" "Mozilla/5.0 (Windows NT 10.0; Win64; x64) AppleWebKit/537.36 (KHTML, like Gecko) Chrome/114.0.0.0 Safari/537.36"
193.32.248.130 - - [11/Sep/2023:21:50:30 +0200] "GET /Dockerfile HTTP/1.1" 404 20263 "-" "Mozilla/5.0 (Windows NT 10.0; Win64; x64) AppleWebKit/537.36 (KHTML, like Gecko) Chrome/114.0.0.0 Safari/537.36"
185.254.75.14 - - [11/Sep/2023:21:50:30 +0200] "GET /Dockerfile.production HTTP/1.1" 404 20263 "-" "Mozilla/5.0 (Windows NT 10.0; Win64; x64) AppleWebKit/537.36 (KHTML, like Gecko) Chrome/114.0.0.0 Safari/537.36 Edg/114.0.1823.67"
193.32.248.155 - - [11/Sep/2023:21:50:30 +0200] "GET /dev.Dockerfile HTTP/1.1" 404 20263 "-" "Mozilla/5.0 (Macintosh; Intel Mac OS X 10_15_7) AppleWebKit/605.1.15 (KHTML, like Gecko) Version/16.3 Safari/605.1.15"
185.209.196.130 - - [11/Sep/2023:21:50:30 +0200] "GET /prod.Dockerfile HTTP/1.1" 404 20263 "-" "Mozilla/5.0 (Linux; Android 10; K) AppleWebKit/537.36 (KHTML, like Gecko) Chrome/114.0.0.0 Mobile Safari/537.36"
134.122.63.192 - - [11/Sep/2023:21:50:30 +0200] "GET / HTTP/1.1" 200 839 "-" "-"
161.35.155.246 - - [11/Sep/2023:21:50:30 +0200] "GET / HTTP/1.1" 403 20254 "-" "-"
178.62.73.12 - - [11/Sep/2023:21:50:30 +0200] "GET / HTTP/1.1" 200 839 "-" "-"
161.35.155.246 - - [11/Sep/2023:21:50:30 +0200] "GET / HTTP/1.1" 403 20254 "-" "Mozilla/5.0 (Linux; Android 6.0; HTC One M9 Build/MRA911940) AppleWebKit/537.36 (KHTML, like Gecko) Chrome/52.0.2160.98 Mobile Safari/537.3"
185.254.75.15 - - [11/Sep/2023:21:50:30 +0200] "GET /api/wp-info.php HTTP/1.1" 404 20263 "-" "Mozilla/5.0 (Windows NT 10.0; Win64; x64) AppleWebKit/537.36 (KHTML, like Gecko) Chrome/114.0.0.0 Safari/537.36"
185.209.196.172 - - [11/Sep/2023:21:50:30 +0200] "GET /production.Dockerfile HTTP/1.1" 404 20263 "-" "Mozilla/5.0 (Macintosh; Intel Mac OS X 10_15_7) AppleWebKit/537.36 (KHTML, like Gecko) Chrome/114.0.0.0 Safari/537.36"
146.70.117.3 - - [11/Sep/2023:21:50:30 +0200] "GET /docker-compose.yaml HTTP/1.1" 404 20263 "-" "Mozilla/5.0 (Linux; Android 10; K) AppleWebKit/537.36 (KHTML, like Gecko) Chrome/114.0.0.0 Mobile Safari/537.36"
161.35.155.246 - - [11/Sep/2023:21:50:30 +0200] "GET /.vscode/sftp.json HTTP/1.1" 403 20254 "-" "Go-http-client/1.1"
146.70.117.35 - - [11/Sep/2023:21:50:30 +0200] "GET /docker-compose.yml HTTP/1.1" 404 20263 "-" "Mozilla/5.0 (Windows NT 10.0; Win64; x64) AppleWebKit/537.36 (KHTML, like Gecko) Chrome/114.0.0.0 Safari/537.36"
161.35.155.246 - - [11/Sep/2023:21:50:30 +0200] "GET /about HTTP/1.1" 403 20254 "-" "Go-http-client/1.1"
161.35.155.246 - - [11/Sep/2023:21:50:30 +0200] "GET /debug/default/view?panel=config HTTP/1.1" 403 20254 "-" "Go-http-client/1.1"
161.35.155.246 - - [11/Sep/2023:21:50:30 +0200] "GET /v2/_catalog HTTP/1.1" 403 20254 "-" "Go-http-client/1.1"
161.35.155.246 - - [11/Sep/2023:21:50:30 +0200] "GET /ecp/Current/exporttool/microsoft.exchange.ediscovery.exporttool.application HTTP/1.1" 403 20254 "-" "Go-http-client/1.1"
138.68.133.118 - - [11/Sep/2023:21:50:30 +0200] "GET / HTTP/1.1" 200 839 "-" "-"
161.35.155.246 - - [11/Sep/2023:21:50:30 +0200] "GET /server-status HTTP/1.1" 403 20254 "-" "Go-http-client/1.1"
138.68.133.118 - - [11/Sep/2023:21:50:30 +0200] "GET / HTTP/1.1" 200 839 "-" "Mozilla/5.0 (Linux; Android 6.0; HTC One M9 Build/MRA911940) AppleWebKit/537.36 (KHTML, like Gecko) Chrome/52.0.2160.98 Mobile Safari/537.3"
161.35.155.246 - - [11/Sep/2023:21:50:30 +0200] "GET /login.action HTTP/1.1" 403 20254 "-" "Go-http-client/1.1"
138.68.133.118 - - [11/Sep/2023:21:50:30 +0200] "GET /.vscode/sftp.json HTTP/1.1" 404 20263 "-" "Go-http-client/1.1"
134.122.63.192 - - [11/Sep/2023:21:50:30 +0200] "GET / HTTP/1.1" 200 839 "-" "Mozilla/5.0 (Linux; Android 6.0; HTC One M9 Build/MRA911940) AppleWebKit/537.36 (KHTML, like Gecko) Chrome/52.0.2160.98 Mobile Safari/537.3"
161.35.155.246 - - [11/Sep/2023:21:50:30 +0200] "GET /_all_dbs HTTP/1.1" 403 20254 "-" "Mozilla/5.0 (l9scan/2.0.831323e2631323e2430323e2832313; +https://leakix.net)"
138.68.133.118 - - [11/Sep/2023:21:50:30 +0200] "GET /about HTTP/1.1" 404 20263 "-" "Go-http-client/1.1"
134.122.63.192 - - [11/Sep/2023:21:50:30 +0200] "GET /.vscode/sftp.json HTTP/1.1" 404 20263 "-" "Go-http-client/1.1"
161.35.155.246 - - [11/Sep/2023:21:50:30 +0200] "GET /.DS_Store HTTP/1.1" 403 20254 "-" "Go-http-client/1.1"
138.68.133.118 - - [11/Sep/2023:21:50:30 +0200] "GET /debug/default/view?panel=config HTTP/1.1" 404 20263 "-" "Go-http-client/1.1"
178.62.73.12 - - [11/Sep/2023:21:50:31 +0200] "GET / HTTP/1.1" 200 839 "-" "Mozilla/5.0 (Linux; Android 6.0; HTC One M9 Build/MRA911940) AppleWebKit/537.36 (KHTML, like Gecko) Chrome/52.0.2160.98 Mobile Safari/537.3"
134.122.63.192 - - [11/Sep/2023:21:50:31 +0200] "GET /about HTTP/1.1" 404 20263 "-" "Go-http-client/1.1"
161.35.155.246 - - [11/Sep/2023:21:50:31 +0200] "GET /.env HTTP/1.1" 403 20254 "-" "Go-http-client/1.1"
138.68.133.118 - - [11/Sep/2023:21:50:31 +0200] "GET /v2/_catalog HTTP/1.1" 404 20263 "-" "Go-http-client/1.1"
161.35.155.246 - - [11/Sep/2023:21:50:31 +0200] "GET /.git/config HTTP/1.1" 403 20254 "-" "Go-http-client/1.1"
178.62.73.12 - - [11/Sep/2023:21:50:31 +0200] "GET /.vscode/sftp.json HTTP/1.1" 404 20263 "-" "Go-http-client/1.1"
134.122.63.192 - - [11/Sep/2023:21:50:31 +0200] "GET /debug/default/view?panel=config HTTP/1.1" 404 20263 "-" "Go-http-client/1.1"
161.35.155.246 - - [11/Sep/2023:21:50:31 +0200] "GET /s/831323e2631323e2430323e2832313/_/;/META-INF/maven/com.atlassian.jira/jira-webapp-dist/pom.properties HTTP/1.1" 403 20254 "-" "Go-http-client/1.1"
138.68.133.118 - - [11/Sep/2023:21:50:31 +0200] "GET /ecp/Current/exporttool/microsoft.exchange.ediscovery.exporttool.application HTTP/1.1" 404 20263 "-" "Go-http-client/1.1"
161.35.155.246 - - [11/Sep/2023:21:50:31 +0200] "GET /config.json HTTP/1.1" 403 20254 "-" "Go-http-client/1.1"
138.68.133.118 - - [11/Sep/2023:21:50:31 +0200] "GET /server-status HTTP/1.1" 404 20263 "-" "Go-http-client/1.1"
178.62.73.12 - - [11/Sep/2023:21:50:31 +0200] "GET /about HTTP/1.1" 404 20263 "-" "Go-http-client/1.1"
161.35.155.246 - - [11/Sep/2023:21:50:31 +0200] "GET /telescope/requests HTTP/1.1" 403 20254 "-" "Go-http-client/1.1"
134.122.63.192 - - [11/Sep/2023:21:50:31 +0200] "GET /v2/_catalog HTTP/1.1" 404 20263 "-" "Go-http-client/1.1"
138.68.133.118 - - [11/Sep/2023:21:50:31 +0200] "GET /login.action HTTP/1.1" 404 20263 "-" "Go-http-client/1.1"
161.35.155.246 - - [11/Sep/2023:21:50:31 +0200] "GET /?rest_route=/wp/v2/users/ HTTP/1.1" 403 20254 "-" "Go-http-client/1.1"
178.62.73.12 - - [11/Sep/2023:21:50:31 +0200] "GET /debug/default/view?panel=config HTTP/1.1" 404 20263 "-" "Go-http-client/1.1"
138.68.133.118 - - [11/Sep/2023:21:50:31 +0200] "GET /_all_dbs HTTP/1.1" 404 20263 "-" "Mozilla/5.0 (l9scan/2.0.831323e2631323e2430323e2832313; +https://leakix.net)"
134.122.63.192 - - [11/Sep/2023:21:50:31 +0200] "GET /ecp/Current/exporttool/microsoft.exchange.ediscovery.exporttool.application HTTP/1.1" 404 20263 "-" "Go-http-client/1.1"
138.68.133.118 - - [11/Sep/2023:21:50:31 +0200] "GET /.DS_Store HTTP/1.1" 404 20263 "-" "Go-http-client/1.1"
134.122.63.192 - - [11/Sep/2023:21:50:31 +0200] "GET /server-status HTTP/1.1" 404 20263 "-" "Go-http-client/1.1"
91.213.50.8 - - [11/Sep/2023:21:50:31 +0200] "GET /.git/config HTTP/1.1" 404 20263 "-" "Mozilla/5.0 (X11; FreeBSD i386; rv:28.0) Gecko/20100101 Firefox/28.0 SeaMonkey/2.25"
178.62.73.12 - - [11/Sep/2023:21:50:31 +0200] "GET /v2/_catalog HTTP/1.1" 404 20263 "-" "Go-http-client/1.1"
138.68.133.118 - - [11/Sep/2023:21:50:31 +0200] "GET /.env HTTP/1.1" 404 20263 "-" "Go-http-client/1.1"
185.209.196.130 - - [11/Sep/2023:21:50:31 +0200] "GET /.github/ HTTP/1.1" 404 20263 "-" "Mozilla/5.0 (Macintosh; Intel Mac OS X 10_15_7) AppleWebKit/537.36 (KHTML, like Gecko) Chrome/113.0.0.0 Safari/537.36"
134.122.63.192 - - [11/Sep/2023:21:50:31 +0200] "GET /login.action HTTP/1.1" 404 20263 "-" "Go-http-client/1.1"
138.68.133.118 - - [11/Sep/2023:21:50:31 +0200] "GET /.git/config HTTP/1.1" 404 20263 "-" "Go-http-client/1.1"
178.62.73.12 - - [11/Sep/2023:21:50:31 +0200] "GET /ecp/Current/exporttool/microsoft.exchange.ediscovery.exporttool.application HTTP/1.1" 404 20263 "-" "Go-http-client/1.1"
138.68.133.118 - - [11/Sep/2023:21:50:31 +0200] "GET /s/831323e2631323e2430323e2832313/_/;/META-INF/maven/com.atlassian.jira/jira-webapp-dist/pom.properties HTTP/1.1" 404 20263 "-" "Go-http-client/1.1"
134.122.63.192 - - [11/Sep/2023:21:50:31 +0200] "GET /_all_dbs HTTP/1.1" 404 20263 "-" "Mozilla/5.0 (l9scan/2.0.831323e2631323e2430323e2832313; +https://leakix.net)"
91.213.50.8 - - [11/Sep/2023:21:50:31 +0200] "GET /.git/config HTTP/1.1" 404 20263 "-" "Mozilla/5.0 (Macintosh; U; Intel Mac OS X 10_5_8; en-US) AppleWebKit/532.8 (KHTML, like Gecko) Chrome/4.0.302.2 Safari/532.8"
138.68.133.118 - - [11/Sep/2023:21:50:31 +0200] "GET /config.json HTTP/1.1" 404 20263 "-" "Go-http-client/1.1"
178.62.73.12 - - [11/Sep/2023:21:50:31 +0200] "GET /server-status HTTP/1.1" 404 20263 "-" "Go-http-client/1.1"
134.122.63.192 - - [11/Sep/2023:21:50:31 +0200] "GET /.DS_Store HTTP/1.1" 404 20263 "-" "Go-http-client/1.1"
138.68.133.118 - - [11/Sep/2023:21:50:31 +0200] "GET /telescope/requests HTTP/1.1" 404 20263 "-" "Go-http-client/1.1"
138.68.133.118 - - [11/Sep/2023:21:50:31 +0200] "GET /?rest_route=/wp/v2/users/ HTTP/1.1" 200 839 "-" "Go-http-client/1.1"
134.122.63.192 - - [11/Sep/2023:21:50:31 +0200] "GET /.env HTTP/1.1" 404 20263 "-" "Go-http-client/1.1"
178.62.73.12 - - [11/Sep/2023:21:50:31 +0200] "GET /login.action HTTP/1.1" 404 20263 "-" "Go-http-client/1.1"
134.122.63.192 - - [11/Sep/2023:21:50:31 +0200] "GET /.git/config HTTP/1.1" 404 20263 "-" "Go-http-client/1.1"
178.62.73.12 - - [11/Sep/2023:21:50:31 +0200] "GET /_all_dbs HTTP/1.1" 404 20263 "-" "Mozilla/5.0 (l9scan/2.0.831323e2631323e2430323e2832313; +https://leakix.net)"
134.122.63.192 - - [11/Sep/2023:21:50:31 +0200] "GET /s/831323e2631323e2430323e2832313/_/;/META-INF/maven/com.atlassian.jira/jira-webapp-dist/pom.properties HTTP/1.1" 404 20263 "-" "Go-http-client/1.1"
178.62.73.12 - - [11/Sep/2023:21:50:32 +0200] "GET /.DS_Store HTTP/1.1" 404 20263 "-" "Go-http-client/1.1"
134.122.63.192 - - [11/Sep/2023:21:50:32 +0200] "GET /config.json HTTP/1.1" 404 20263 "-" "Go-http-client/1.1"
178.62.73.12 - - [11/Sep/2023:21:50:32 +0200] "GET /.env HTTP/1.1" 404 20263 "-" "Go-http-client/1.1"
134.122.63.192 - - [11/Sep/2023:21:50:32 +0200] "GET /telescope/requests HTTP/1.1" 404 20263 "-" "Go-http-client/1.1"
134.122.63.192 - - [11/Sep/2023:21:50:32 +0200] "GET /?rest_route=/wp/v2/users/ HTTP/1.1" 200 839 "-" "Go-http-client/1.1"
178.62.73.12 - - [11/Sep/2023:21:50:32 +0200] "GET /.git/config HTTP/1.1" 404 20263 "-" "Go-http-client/1.1"
34.254.53.125 - - [11/Sep/2023:21:50:32 +0200] "GET / HTTP/1.1" 200 839 "-" "Mozilla/5.0 (X11; Linux x86_64; rv:83.0) Gecko/20100101 Firefox/83.0"
178.62.73.12 - - [11/Sep/2023:21:50:32 +0200] "GET /s/831323e2631323e2430323e2832313/_/;/META-INF/maven/com.atlassian.jira/jira-webapp-dist/pom.properties HTTP/1.1" 404 20263 "-" "Go-http-client/1.1"
178.62.73.12 - - [11/Sep/2023:21:50:32 +0200] "GET /config.json HTTP/1.1" 404 20263 "-" "Go-http-client/1.1"
34.254.53.125 - - [11/Sep/2023:21:50:32 +0200] "GET / HTTP/2.0" 200 839 "-" "Mozilla/5.0 (X11; Ubuntu; Linux x86_64; rv:109.0) Gecko/20100101 Firefox/114.0"
34.254.53.125 - - [11/Sep/2023:21:50:32 +0200] "GET /style.css HTTP/2.0" 200 2822 "https://www.api.bialas.cloud/" "Mozilla/5.0 (X11; Ubuntu; Linux x86_64; rv:109.0) Gecko/20100101 Firefox/114.0"
178.62.73.12 - - [11/Sep/2023:21:50:32 +0200] "GET /telescope/requests HTTP/1.1" 404 20263 "-" "Go-http-client/1.1"
34.254.53.125 - - [11/Sep/2023:21:50:32 +0200] "GET /favicon.ico HTTP/2.0" 404 20263 "https://www.api.bialas.cloud/" "Mozilla/5.0 (X11; Ubuntu; Linux x86_64; rv:109.0) Gecko/20100101 Firefox/114.0"
178.62.73.12 - - [11/Sep/2023:21:50:32 +0200] "GET /?rest_route=/wp/v2/users/ HTTP/1.1" 200 839 "-" "Go-http-client/1.1"
34.254.53.125 - - [11/Sep/2023:21:50:32 +0200] "GET / HTTP/1.1" 200 839 "-" "Mozilla/5.0 (Macintosh; Intel Mac OS X 10_9_2) AppleWebKit/537.36 (KHTML, like Gecko) Chrome/33.0.1750.152 Safari/537.36"
34.254.53.125 - - [11/Sep/2023:21:50:33 +0200] "HEAD /favicon.ico HTTP/1.1" 404 0 "-" "Mozilla/5.0 (Macintosh; Intel Mac OS X 10_9_2) AppleWebKit/537.36 (KHTML, like Gecko) Chrome/33.0.1750.152 Safari/537.36"
146.70.201.100 - - [11/Sep/2023:21:50:38 +0200] "GET / HTTP/1.1" 200 839 "-" "Mozilla/5.0 (Windows NT 10.0; Win64; x64) AppleWebKit/537.36 (KHTML, like Gecko) Chrome/110.0.0.0 Safari/537.36"
185.209.196.235 - - [11/Sep/2023:21:50:38 +0200] "HEAD /export.tar HTTP/1.1" 404 0 "-" "Mozilla/5.0 (X11; Linux x86_64) AppleWebKit/537.36 (KHTML, like Gecko) Chrome/114.0.5735.198 Safari/537.36"
185.209.196.130 - - [11/Sep/2023:21:50:38 +0200] "HEAD /backup.tar.gz HTTP/1.1" 404 0 "-" "Mozilla/5.0 (X11; Linux x86_64) AppleWebKit/537.36 (KHTML, like Gecko) Chrome/114.0.5735.198 Safari/537.36"
185.209.196.235 - - [11/Sep/2023:21:50:38 +0200] "HEAD /backup.rar HTTP/1.1" 404 0 "-" "Mozilla/5.0 (Macintosh; Intel Mac OS X 10_15_7) AppleWebKit/537.36 (KHTML, like Gecko) Chrome/114.0.0.0 Safari/537.36"
185.213.155.200 - - [11/Sep/2023:21:50:38 +0200] "HEAD /home.zip HTTP/1.1" 404 0 "-" "Mozilla/5.0 (Macintosh; Intel Mac OS X 10_15_7) AppleWebKit/537.36 (KHTML, like Gecko) Chrome/114.0.0.0 Safari/537.36"
194.36.25.19 - - [11/Sep/2023:21:50:38 +0200] "HEAD /export.zip HTTP/1.1" 404 0 "-" "Mozilla/5.0 (X11; Linux x86_64) AppleWebKit/537.36 (KHTML, like Gecko) Chrome/114.0.0.0 Safari/537.36"
194.36.25.4 - - [11/Sep/2023:21:50:38 +0200] "HEAD /site.zip HTTP/1.1" 404 0 "-" "Mozilla/5.0 (Windows NT 10.0; Win64; x64) AppleWebKit/537.36 (KHTML, like Gecko) Chrome/114.0.0.0 Safari/537.36"
194.36.25.19 - - [11/Sep/2023:21:50:38 +0200] "HEAD /site.rar HTTP/1.1" 404 0 "-" "Mozilla/5.0 (Windows NT 10.0; Win64; x64) AppleWebKit/537.36 (KHTML, like Gecko) Chrome/114.0.0.0 Safari/537.36"
146.70.117.163 - - [11/Sep/2023:21:50:38 +0200] "HEAD /backup.zip HTTP/1.1" 404 0 "-" "Mozilla/5.0 (X11; Linux x86_64) AppleWebKit/537.36 (KHTML, like Gecko) Chrome/114.0.0.0 Safari/537.36"
146.70.117.163 - - [11/Sep/2023:21:50:38 +0200] "PUT /vendor/phpunit/phpunit/src/Util/PHP/eval-stdin.php HTTP/1.1" 405 552 "-" "Mozilla/5.0 (Windows NT 10.0; Win64; x64) AppleWebKit/537.36 (KHTML, like Gecko) Chrome/114.0.0.0 Safari/537.36"
185.254.75.13 - - [11/Sep/2023:21:50:38 +0200] "HEAD /site.tar HTTP/1.1" 404 0 "-" "Mozilla/5.0 (Windows NT 10.0; Win64; x64) AppleWebKit/537.36 (KHTML, like Gecko) Chrome/114.0.0.0 Safari/537.36"
146.70.117.35 - - [11/Sep/2023:21:50:38 +0200] "HEAD /export.rar HTTP/1.1" 404 0 "-" "Mozilla/5.0 (Macintosh; Intel Mac OS X 10_15_7) AppleWebKit/537.36 (KHTML, like Gecko) Chrome/114.0.0.0 Safari/537.36"
193.32.248.130 - - [11/Sep/2023:21:50:38 +0200] "HEAD /backup.tar HTTP/1.1" 404 0 "-" "Mozilla/5.0 (Windows NT 10.0; Win64; x64) AppleWebKit/537.36 (KHTML, like Gecko) Chrome/114.0.0.0 Safari/537.36"
193.32.248.168 - - [11/Sep/2023:21:50:38 +0200] "HEAD /export.tar.gz HTTP/1.1" 404 0 "-" "Mozilla/5.0 (Windows NT 10.0; Win64; x64) AppleWebKit/537.36 (KHTML, like Gecko) Chrome/114.0.0.0 Safari/537.36"
193.32.248.194 - - [11/Sep/2023:21:50:38 +0200] "HEAD /site.tar.gz HTTP/1.1" 404 0 "-" "Mozilla/5.0 (Windows NT 10.0; Win64; x64) AppleWebKit/537.36 (KHTML, like Gecko) Chrome/114.0.0.0 Safari/537.36"
193.32.248.194 - - [11/Sep/2023:21:50:38 +0200] "HEAD /home.tar HTTP/1.1" 404 0 "-" "Mozilla/5.0 (Macintosh; Intel Mac OS X 10_15_7) AppleWebKit/537.36 (KHTML, like Gecko) Chrome/114.0.0.0 Safari/537.36"
193.32.248.168 - - [11/Sep/2023:21:50:38 +0200] "HEAD /home.tar.gz HTTP/1.1" 404 0 "-" "Mozilla/5.0 (Windows NT 10.0; Win64; x64) AppleWebKit/537.36 (KHTML, like Gecko) Chrome/114.0.0.0 Safari/537.36"
193.32.248.194 - - [11/Sep/2023:21:50:38 +0200] "HEAD /home.rar HTTP/1.1" 404 0 "-" "Mozilla/5.0 (X11; Linux x86_64) AppleWebKit/537.36 (KHTML, like Gecko) Chrome/108.0.0.0 Safari/537.36"
146.70.117.195 - - [11/Sep/2023:21:50:39 +0200] "PUT /admin/vendor/phpunit/phpunit/src/Util/PHP/eval-stdin.php HTTP/1.1" 405 552 "-" "Mozilla/5.0 (X11; Linux x86_64) AppleWebKit/537.36 (KHTML, like Gecko) Chrome/114.0.5735.198 Safari/537.36"
194.36.25.19 - - [11/Sep/2023:21:50:39 +0200] "PUT /wp-content/plugins/jekyll-exporter/vendor/phpunit/phpunit/src/Util/PHP/eval-stdin.php HTTP/1.1" 405 552 "-" "Mozilla/5.0 (Macintosh; Intel Mac OS X 10_15_7) AppleWebKit/537.36 (KHTML, like Gecko) Chrome/114.0.0.0 Safari/537.36"
194.36.25.4 - - [11/Sep/2023:21:50:40 +0200] "PUT /app/vendor/phpunit/phpunit/src/Util/PHP/eval-stdin.php HTTP/1.1" 405 552 "-" "Mozilla/5.0 (Macintosh; Intel Mac OS X 10_15_7) AppleWebKit/537.36 (KHTML, like Gecko) Chrome/114.0.0.0 Safari/537.36"
193.32.248.142 - - [11/Sep/2023:21:50:40 +0200] "PUT /api/vendor/phpunit/phpunit/src/Util/PHP/eval-stdin.php HTTP/1.1" 405 552 "-" "Mozilla/5.0 (Windows NT 10.0; Win64; x64) AppleWebKit/537.36 (KHTML, like Gecko) Chrome/114.0.0.0 Safari/537.36"
146.70.117.195 - - [11/Sep/2023:21:50:41 +0200] "PUT /lib/vendor/phpunit/phpunit/src/Util/PHP/eval-stdin.php HTTP/1.1" 405 552 "-" "Mozilla/5.0 (Windows NT 10.0; Win64; x64) AppleWebKit/537.36 (KHTML, like Gecko) Chrome/114.0.0.0 Safari/537.36"
198.54.132.150 - - [11/Sep/2023:21:50:48 +0200] "GET / HTTP/1.1" 200 839 "-" "Mozilla/5.0 (Windows NT 10.0; Win64; x64) AppleWebKit/537.36 (KHTML, like Gecko) Chrome/110.0.0.0 Safari/537.36"
